 Project1

 Timestamp is 57030e01 (Tue Apr  5 08:59:45 2016)

 Preferred load address is 00400000

 Start         Length     Name                   Class
 0001:00000000 0000251dH .text                   CODE
 0001:00002520 000011e7H .text$mn                CODE
 0002:00000000 00000143H .rdata                  DATA
 0002:00000143 00000000H .edata                  DATA
 0002:00000144 00000194H .rdata$zzzdbg           DATA
 0003:00000000 00000b7aH .data                   DATA
 0003:00000b80 000002f2H .bss                    DATA
 0004:00000000 000000d8H .idata$5                DATA
 0004:000000d8 00000028H .idata$2                DATA
 0004:00000100 00000014H .idata$3                DATA
 0004:00000114 000000d8H .idata$4                DATA
 0004:000001ec 00000347H .idata$6                DATA
 0005:00000000 00000169H .rsrc$01                DATA
 0005:00000170 000002ccH .rsrc$02                DATA

  Address         Publics by Value              Rva+Base       Lib:Object

 0000:00000000       ___safe_se_handler_table   00000000     <absolute>
 0000:00000000       ___guard_fids_count        00000000     <absolute>
 0000:00000000       ___guard_fids_table        00000000     <absolute>
 0000:00000000       ___safe_se_handler_count   00000000     <absolute>
 0000:00000000       ___guard_flags             00000000     <absolute>
 0001:00000210       _CloseFile@0               00401210 f   Irvine32:Irvine32.obj
 0001:00000217       _Clrscr@0                  00401217 f   Irvine32:Irvine32.obj
 0001:000002dc       _CreateOutputFile@0        004012dc f   Irvine32:Irvine32.obj
 0001:000002f5       _Crlf@0                    004012f5 f   Irvine32:Irvine32.obj
 0001:00000310       _Delay@0                   00401310 f   Irvine32:Irvine32.obj
 0001:00000319       _DumpMem@0                 00401319 f   Irvine32:Irvine32.obj
 0001:000003d4       _DumpRegs@0                004013d4 f   Irvine32:Irvine32.obj
 0001:000005cf       _GetCommandTail@0          004015cf f   Irvine32:Irvine32.obj
 0001:0000060c       _GetDateTime@4             0040160c f   Irvine32:Irvine32.obj
 0001:0000063e       _GetMaxXY@0                0040163e f   Irvine32:Irvine32.obj
 0001:0000066d       _GetMseconds@0             0040166d f   Irvine32:Irvine32.obj
 0001:000006ca       _GetTextColor@0            004016ca f   Irvine32:Irvine32.obj
 0001:000006f5       _Gotoxy@0                  004016f5 f   Irvine32:Irvine32.obj
 0001:0000074d       _IsDigit@0                 0040174d f   Irvine32:Irvine32.obj
 0001:0000075a       _MsgBox@0                  0040175a f   Irvine32:Irvine32.obj
 0001:00000771       _MsgBoxAsk@0               00401771 f   Irvine32:Irvine32.obj
 0001:00000790       _OpenInputFile@0           00401790 f   Irvine32:Irvine32.obj
 0001:000007a9       _ParseDecimal32@0          004017a9 f   Irvine32:Irvine32.obj
 0001:0000080b       _ParseInteger32@0          0040180b f   Irvine32:Irvine32.obj
 0001:000008c6       _Random32@0                004018c6 f   Irvine32:Irvine32.obj
 0001:000008e1       _RandomRange@0             004018e1 f   Irvine32:Irvine32.obj
 0001:000008f6       _Randomize@0               004018f6 f   Irvine32:Irvine32.obj
 0001:0000090f       _ReadChar@0                0040190f f   Irvine32:Irvine32.obj
 0001:00000925       _ReadDec@0                 00401925 f   Irvine32:Irvine32.obj
 0001:00000940       _ReadFromFile@0            00401940 f   Irvine32:Irvine32.obj
 0001:00000963       _ReadHex@0                 00401963 f   Irvine32:Irvine32.obj
 0001:000009e4       _ReadInt@0                 004019e4 f   Irvine32:Irvine32.obj
 0001:000009ff       _ReadKey@0                 004019ff f   Irvine32:Irvine32.obj
 0001:00000b1a       _ReadKeyFlush@0            00401b1a f   Irvine32:Irvine32.obj
 0001:00000be8       _ReadString@0              00401be8 f   Irvine32:Irvine32.obj
 0001:00000ca1       _SetTextColor@0            00401ca1 f   Irvine32:Irvine32.obj
 0001:00000cc2       _StrLength@0               00401cc2 f   Irvine32:Irvine32.obj
 0001:00000cd3       _Str_compare@8             00401cd3 f   Irvine32:Irvine32.obj
 0001:00000cfd       _Str_copy@8                00401cfd f   Irvine32:Irvine32.obj
 0001:00000d20       _Str_length@4              00401d20 f   Irvine32:Irvine32.obj
 0001:00000d3a       _Str_trim@8                00401d3a f   Irvine32:Irvine32.obj
 0001:00000d68       _Str_ucase@4               00401d68 f   Irvine32:Irvine32.obj
 0001:00000d8a       _WaitMsg@0                 00401d8a f   Irvine32:Irvine32.obj
 0001:00000d9c       _WriteBin@0                00401d9c f   Irvine32:Irvine32.obj
 0001:00000da9       _WriteBinB@0               00401da9 f   Irvine32:Irvine32.obj
 0001:00000dfc       _WriteChar@0               00401dfc f   Irvine32:Irvine32.obj
 0001:00000e2e       _WriteDec@0                00401e2e f   Irvine32:Irvine32.obj
 0001:00000e6f       _WriteHex@0                00401e6f f   Irvine32:Irvine32.obj
 0001:00000e7c       _WriteHexB@0               00401e7c f   Irvine32:Irvine32.obj
 0001:00000f0e       _WriteInt@0                00401f0e f   Irvine32:Irvine32.obj
 0001:00000f6f       _WriteStackFrameName@16    00401f6f f   Irvine32:Irvine32.obj
 0001:000010ef       _WriteStackFrame@12        004020ef f   Irvine32:Irvine32.obj
 0001:00001109       _WriteString@0             00402109 f   Irvine32:Irvine32.obj
 0001:00001135       _WriteToFile@0             00402135 f   Irvine32:Irvine32.obj
 0001:0000114a       _WriteWindowsMsg@0         0040214a f   Irvine32:Irvine32.obj
 0001:0000263c       _ExitProcess@4             0040363c f   kernel32:KERNEL32.dll
 0001:00002642       _CloseHandle@4             00403642 f   kernel32:KERNEL32.dll
 0001:00002648       _CreateFileA@28            00403648 f   kernel32:KERNEL32.dll
 0001:0000264e       _FormatMessageA@28         0040364e f   kernel32:KERNEL32.dll
 0001:00002654       _FlushConsoleInputBuffer@4 00403654 f   kernel32:KERNEL32.dll
 0001:0000265a       _GetCommandLineA@0         0040365a f   kernel32:KERNEL32.dll
 0001:00002660       _GetConsoleMode@8          00403660 f   kernel32:KERNEL32.dll
 0001:00002666       _GetConsoleScreenBufferInfo@8 00403666 f   kernel32:KERNEL32.dll
 0001:0000266c       _GetLastError@0            0040366c f   kernel32:KERNEL32.dll
 0001:00002672       _GetLocalTime@4            00403672 f   kernel32:KERNEL32.dll
 0001:00002678       _GetStdHandle@4            00403678 f   kernel32:KERNEL32.dll
 0001:0000267e       _GetSystemTime@4           0040367e f   kernel32:KERNEL32.dll
 0001:00002684       _LocalFree@4               00403684 f   kernel32:KERNEL32.dll
 0001:0000268a       _PeekConsoleInputA@16      0040368a f   kernel32:KERNEL32.dll
 0001:00002690       _ReadConsoleA@20           00403690 f   kernel32:KERNEL32.dll
 0001:00002696       _ReadConsoleInputA@16      00403696 f   kernel32:KERNEL32.dll
 0001:0000269c       _ReadFile@20               0040369c f   kernel32:KERNEL32.dll
 0001:000026a2       _SetConsoleCursorPosition@8 004036a2 f   kernel32:KERNEL32.dll
 0001:000026a8       _SetConsoleMode@8          004036a8 f   kernel32:KERNEL32.dll
 0001:000026ae       _SetConsoleTextAttribute@8 004036ae f   kernel32:KERNEL32.dll
 0001:000026b4       _Sleep@4                   004036b4 f   kernel32:KERNEL32.dll
 0001:000026ba       _SystemTimeToFileTime@8    004036ba f   kernel32:KERNEL32.dll
 0001:000026c0       _WriteConsoleA@20          004036c0 f   kernel32:KERNEL32.dll
 0001:000026c6       _WriteConsoleOutputCharacterA@20 004036c6 f   kernel32:KERNEL32.dll
 0001:000026cc       _WriteConsoleOutputAttribute@20 004036cc f   kernel32:KERNEL32.dll
 0001:000026d2       _WriteFile@20              004036d2 f   kernel32:KERNEL32.dll
 0001:000026d8       _MessageBoxA@16            004036d8 f   user32:USER32.dll
 0001:000026e0       _main@0                    004036e0 f   Source.obj
 0004:00000000       __imp__ExitProcess@4       00407000     kernel32:KERNEL32.dll
 0004:00000004       __imp__CloseHandle@4       00407004     kernel32:KERNEL32.dll
 0004:00000008       __imp__CreateFileA@28      00407008     kernel32:KERNEL32.dll
 0004:0000000c       __imp__FormatMessageA@28   0040700c     kernel32:KERNEL32.dll
 0004:00000010       __imp__FlushConsoleInputBuffer@4 00407010     kernel32:KERNEL32.dll
 0004:00000014       __imp__GetCommandLineA@0   00407014     kernel32:KERNEL32.dll
 0004:00000018       __imp__GetConsoleMode@8    00407018     kernel32:KERNEL32.dll
 0004:0000001c       __imp__GetConsoleScreenBufferInfo@8 0040701c     kernel32:KERNEL32.dll
 0004:00000020       __imp__GetLastError@0      00407020     kernel32:KERNEL32.dll
 0004:00000024       __imp__GetLocalTime@4      00407024     kernel32:KERNEL32.dll
 0004:00000028       __imp__GetStdHandle@4      00407028     kernel32:KERNEL32.dll
 0004:0000002c       __imp__GetSystemTime@4     0040702c     kernel32:KERNEL32.dll
 0004:00000030       __imp__LocalFree@4         00407030     kernel32:KERNEL32.dll
 0004:00000034       __imp__PeekConsoleInputA@16 00407034     kernel32:KERNEL32.dll
 0004:00000038       __imp__ReadConsoleA@20     00407038     kernel32:KERNEL32.dll
 0004:0000003c       __imp__ReadConsoleInputA@16 0040703c     kernel32:KERNEL32.dll
 0004:00000040       __imp__ReadFile@20         00407040     kernel32:KERNEL32.dll
 0004:00000044       __imp__SetConsoleCursorPosition@8 00407044     kernel32:KERNEL32.dll
 0004:00000048       __imp__SetConsoleMode@8    00407048     kernel32:KERNEL32.dll
 0004:0000004c       __imp__SetConsoleTextAttribute@8 0040704c     kernel32:KERNEL32.dll
 0004:00000050       __imp__Sleep@4             00407050     kernel32:KERNEL32.dll
 0004:00000054       __imp__SystemTimeToFileTime@8 00407054     kernel32:KERNEL32.dll
 0004:00000058       __imp__WriteConsoleA@20    00407058     kernel32:KERNEL32.dll
 0004:0000005c       __imp__WriteConsoleOutputCharacterA@20 0040705c     kernel32:KERNEL32.dll
 0004:00000060       __imp__WriteConsoleOutputAttribute@20 00407060     kernel32:KERNEL32.dll
 0004:00000064       __imp__WriteFile@20        00407064     kernel32:KERNEL32.dll
 0004:00000068       \177KERNEL32_NULL_THUNK_DATA 00407068     kernel32:KERNEL32.dll
 0004:000000a8       __imp__MessageBoxA@16      004070a8     user32:USER32.dll
 0004:000000ac       \177USER32_NULL_THUNK_DATA 004070ac     user32:USER32.dll
 0004:000000d8       __IMPORT_DESCRIPTOR_KERNEL32 004070d8     kernel32:KERNEL32.dll
 0004:000000ec       __IMPORT_DESCRIPTOR_USER32 004070ec     user32:USER32.dll
 0004:00000100       __NULL_IMPORT_DESCRIPTOR   00407100     kernel32:KERNEL32.dll
